
**Prompt**: first 4 natural numbers


**Response**: 1, 2, 3, 4


---

**Prompt**: as a json array


**Response**: [ 1, 2, 3, 4 ]


**Assistant**: something from an assistant


**Function**: something from a function
